
====================================
PhotoCleaner v0.8.2 Build Script
====================================

Activating virtual environment...
Using PIP_CACHE_DIR=C:\Users\chris\.cache\pip
Ensuring PyInstaller 6.7.x is installed...

Running preflight check...
.\build.bat : 2026-02-23 17:49:25.957067: I tensorflow/core/util/port.cc:113] oneDNN custom operations are on. You may see slightly different numerical results due to 
floating-point round-off errors from different computation orders. To turn them off, set the environment variable `TF_ENABLE_ONEDNN_OPTS=0`.
In Zeile:1 Zeichen:1
+ .\build.bat fast clean > build_output.txt 2>&1; Get-Content build_out ...
+ ~~~~~~~~~~~~~~~~~~~~~~~~~~~~~~~~~~~~~~~~~~~~~~
    + CategoryInfo          : NotSpecified: (2026-02-23 17:4...ONEDNN_OPTS=0`.:String) [], RemoteException
    + FullyQualifiedErrorId : NativeCommandError
 
2026-02-23 17:49:26.518557: I tensorflow/core/util/port.cc:113] oneDNN custom operations are on. You may see slightly different numerical results due to floating-point 
round-off errors from different computation orders. To turn them off, set the environment variable `TF_ENABLE_ONEDNN_OPTS=0`.

Preflight report:

- python_version: PASS | sys.version=3.11.9 (tags/v3.11.9:de54cf5, Apr  2 2024, 10:12:12) [MSC v.1938 64 bit (AMD64)]
- sys_abiflags: PASS | sys.abiflags not available on this platform
- python311.dll_exists: PASS | C:\Users\chris\AppData\Local\Programs\Python\Python311\python311.dll
- python311.dll_load: PASS | loaded
- path_no_python312: PASS | ok
- pyinstaller_version: PASS | PyInstaller 6.7.0
- tensorflow_version: PASS | tf.__version__=2.16.2
- pywrap_internal_import: PASS | ok
- dll_VCRUNTIME140.dll: PASS | loaded
- dll_VCRUNTIME140_1.dll: PASS | loaded
- dll_MSVCP140.dll: PASS | loaded
- dll_MSVCP140_1.dll: PASS | loaded
- dll_MSVCP140_2.dll: PASS | loaded
- dll_concrt140.dll: PASS | loaded
- tf_dir_exists: PASS | C:\Users\chris\projects\photo-cleaner\.venv\Lib\site-packages\tensorflow
- tf_dlls_stray: PASS | ok
- spec_onedir: PASS | onedir markers
- spec_no_runtime_hooks: PASS | runtime_hooks empty

Preflight result: PASS
Cleaning previous builds...

Building with PhotoCleaner.spec...

Fast build enabled: noarchive + no optimization
227 INFO: PyInstaller: 6.7.0, contrib hooks: 2026.0
227 INFO: Python: 3.11.9
244 INFO: Platform: Windows-10-10.0.26200-SP0
245 INFO: Removing temporary files and cleaning cache in C:\Users\chris\AppData\Local\pyinstaller
2026-02-23 17:49:34.637139: I tensorflow/core/util/port.cc:113] oneDNN custom operations are on. You may see slightly different numerical results due to floating-point 
round-off errors from different computation orders. To turn them off, set the environment variable `TF_ENABLE_ONEDNN_OPTS=0`.
2026-02-23 17:49:35.180082: I tensorflow/core/util/port.cc:113] oneDNN custom operations are on. You may see slightly different numerical results due to floating-point 
round-off errors from different computation orders. To turn them off, set the environment variable `TF_ENABLE_ONEDNN_OPTS=0`.
2026-02-23 17:49:37.401900: I tensorflow/core/util/port.cc:113] oneDNN custom operations are on. You may see slightly different numerical results due to floating-point 
round-off errors from different computation orders. To turn them off, set the environment variable `TF_ENABLE_ONEDNN_OPTS=0`.
2026-02-23 17:49:37.939882: I tensorflow/core/util/port.cc:113] oneDNN custom operations are on. You may see slightly different numerical results due to floating-point 
round-off errors from different computation orders. To turn them off, set the environment variable `TF_ENABLE_ONEDNN_OPTS=0`.
2026-02-23 17:49:41.977615: I tensorflow/core/util/port.cc:113] oneDNN custom operations are on. You may see slightly different numerical results due to floating-point 
round-off errors from different computation orders. To turn them off, set the environment variable `TF_ENABLE_ONEDNN_OPTS=0`.
2026-02-23 17:49:42.519784: I tensorflow/core/util/port.cc:113] oneDNN custom operations are on. You may see slightly different numerical results due to floating-point 
round-off errors from different computation orders. To turn them off, set the environment variable `TF_ENABLE_ONEDNN_OPTS=0`.
2429 WARNING: Failed to collect submodules for 'mediapipe.tasks.python.genai.converter' because importing 'mediapipe.tasks.python.genai.converter' raised: ImportError: 
JAX, Torch, and SentencePiece are required for the LLM conversions. Please run `pip install torch jax sensetencepiece`.
11224 INFO: Extending PYTHONPATH with paths
['C:\\Users\\chris\\projects\\photo-cleaner',
 'C:\\Users\\chris\\projects\\photo-cleaner',
 'C:\\Users\\chris\\projects\\photo-cleaner\\src']
11492 INFO: Appending 'binaries' from .spec
11493 INFO: Appending 'datas' from .spec
11604 INFO: checking Analysis
11604 INFO: Building Analysis because Analysis-00.toc is non existent
11604 INFO: Running Analysis Analysis-00.toc
11604 INFO: Target bytecode optimization level: 0
11604 INFO: Initializing module dependency graph...
11604 INFO: Caching module graph hooks...
11626 INFO: Analyzing base_library.zip ...
12324 INFO: Loading module hook 'hook-heapq.py' from 'C:\\Users\\chris\\projects\\photo-cleaner\\.venv\\Lib\\site-packages\\PyInstaller\\hooks'...
12460 INFO: Loading module hook 'hook-encodings.py' from 'C:\\Users\\chris\\projects\\photo-cleaner\\.venv\\Lib\\site-packages\\PyInstaller\\hooks'...
13465 INFO: Loading module hook 'hook-pickle.py' from 'C:\\Users\\chris\\projects\\photo-cleaner\\.venv\\Lib\\site-packages\\PyInstaller\\hooks'...
14292 INFO: Caching module dependency graph...
14368 INFO: Looking for Python shared library...
14410 INFO: Using Python shared library: C:\Users\chris\AppData\Local\Programs\Python\Python311\python311.dll
14410 INFO: Analyzing C:\Users\chris\projects\photo-cleaner\run_ui.py
14581 INFO: Loading module hook 'hook-platform.py' from 'C:\\Users\\chris\\projects\\photo-cleaner\\.venv\\Lib\\site-packages\\PyInstaller\\hooks'...
14680 INFO: Loading module hook 'hook-numpy.py' from 'C:\\Users\\chris\\projects\\photo-cleaner\\build_hooks'...
C:\Users\chris\projects\photo-cleaner\.venv\Lib\site-packages\PyInstaller\utils\hooks\__init__.py:653: UserWarning: The numpy.array_api submodule is still experimental. 
See NEP 47.
  __import__(name)
15770 INFO: Processing pre-safe import module hook distutils from 
'C:\\Users\\chris\\projects\\photo-cleaner\\.venv\\Lib\\site-packages\\PyInstaller\\hooks\\pre_safe_import_module\\hook-distutils.py'.
15771 INFO: Processing pre-find module path hook distutils from 
'C:\\Users\\chris\\projects\\photo-cleaner\\.venv\\Lib\\site-packages\\PyInstaller\\hooks\\pre_find_module_path\\hook-distutils.py'.
15994 INFO: Loading module hook 'hook-distutils.py' from 'C:\\Users\\chris\\projects\\photo-cleaner\\.venv\\Lib\\site-packages\\PyInstaller\\hooks'...
16026 INFO: Loading module hook 'hook-sysconfig.py' from 'C:\\Users\\chris\\projects\\photo-cleaner\\.venv\\Lib\\site-packages\\PyInstaller\\hooks'...
16054 INFO: Loading module hook 'hook-distutils.util.py' from 'C:\\Users\\chris\\projects\\photo-cleaner\\.venv\\Lib\\site-packages\\PyInstaller\\hooks'...
16144 INFO: Loading module hook 'hook-multiprocessing.util.py' from 'C:\\Users\\chris\\projects\\photo-cleaner\\.venv\\Lib\\site-packages\\PyInstaller\\hooks'...
16233 INFO: Loading module hook 'hook-xml.py' from 'C:\\Users\\chris\\projects\\photo-cleaner\\.venv\\Lib\\site-packages\\PyInstaller\\hooks'...
16500 INFO: Loading module hook 'hook-setuptools.py' from 'C:\\Users\\chris\\projects\\photo-cleaner\\.venv\\Lib\\site-packages\\PyInstaller\\hooks'...
17504 INFO: Loading module hook 'hook-packaging.py' from 'C:\\Users\\chris\\projects\\photo-cleaner\\.venv\\Lib\\site-packages\\PyInstaller\\hooks'...
17937 INFO: Loading module hook 'hook-jaraco.text.py' from 
'C:\\Users\\chris\\projects\\photo-cleaner\\.venv\\Lib\\site-packages\\_pyinstaller_hooks_contrib\\stdhooks'...
18322 INFO: Loading module hook 'hook-backports.py' from 'C:\\Users\\chris\\projects\\photo-cleaner\\.venv\\Lib\\site-packages\\_pyinstaller_hooks_contrib\\stdhooks'...
19199 INFO: Loading module hook 'hook-charset_normalizer.py' from 
'C:\\Users\\chris\\projects\\photo-cleaner\\.venv\\Lib\\site-packages\\_pyinstaller_hooks_contrib\\stdhooks'...
19671 INFO: Loading module hook 'hook-difflib.py' from 'C:\\Users\\chris\\projects\\photo-cleaner\\.venv\\Lib\\site-packages\\PyInstaller\\hooks'...
20454 INFO: Processing pre-safe import module hook tensorflow from 
'C:\\Users\\chris\\projects\\photo-cleaner\\.venv\\Lib\\site-packages\\_pyinstaller_hooks_contrib\\pre_safe_import_module\\hook-tensorflow.py'.
20454 INFO: Loading module hook 'hook-tensorflow.py' from 'C:\\Users\\chris\\projects\\photo-cleaner\\.venv\\Lib\\site-packages\\_pyinstaller_hooks_contrib\\stdhooks'...
20466 INFO: hook-tensorflow: tensorflow dist name: tensorflow
20466 INFO: hook-tensorflow: tensorflow version: 2.16.2
2026-02-23 17:49:54.235229: I tensorflow/core/util/port.cc:113] oneDNN custom operations are on. You may see slightly different numerical results due to floating-point 
round-off errors from different computation orders. To turn them off, set the environment variable `TF_ENABLE_ONEDNN_OPTS=0`.
2026-02-23 17:49:54.794452: I tensorflow/core/util/port.cc:113] oneDNN custom operations are on. You may see slightly different numerical results due to floating-point 
round-off errors from different computation orders. To turn them off, set the environment variable `TF_ENABLE_ONEDNN_OPTS=0`.
2026-02-23 17:50:05.590770: I tensorflow/core/util/port.cc:113] oneDNN custom operations are on. You may see slightly different numerical results due to floating-point 
round-off errors from different computation orders. To turn them off, set the environment variable `TF_ENABLE_ONEDNN_OPTS=0`.
2026-02-23 17:50:06.130834: I tensorflow/core/util/port.cc:113] oneDNN custom operations are on. You may see slightly different numerical results due to floating-point 
round-off errors from different computation orders. To turn them off, set the environment variable `TF_ENABLE_ONEDNN_OPTS=0`.
2374 WARNING: Failed to collect submodules for 'keras.src.backend.torch' because importing 'keras.src.backend.torch' raised: ModuleNotFoundError: No module named 'torch'
34706 WARNING: collect_dynamic_libs - skipping library collection for module 'tensorflow-plugins' as it is not a package.
34855 INFO: Loading module hook 'hook-xml.dom.domreg.py' from 'C:\\Users\\chris\\projects\\photo-cleaner\\.venv\\Lib\\site-packages\\PyInstaller\\hooks'...
35627 INFO: Loading module hook 'hook-pkg_resources.py' from 'C:\\Users\\chris\\projects\\photo-cleaner\\.venv\\Lib\\site-packages\\PyInstaller\\hooks'...
<frozen importlib.util>:95: UserWarning: pkg_resources is deprecated as an API. See https://setuptools.pypa.io/en/latest/pkg_resources.html. The pkg_resources package 
is slated for removal as early as 2025-11-30. Refrain from using this package or pin to Setuptools<81.
C:\Users\chris\projects\photo-cleaner\.venv\Lib\site-packages\PyInstaller\utils\hooks\__init__.py:242: UserWarning: pkg_resources is deprecated as an API. See 
https://setuptools.pypa.io/en/latest/pkg_resources.html. The pkg_resources package is slated for removal as early as 2025-11-30. Refrain from using this package or pin 
to Setuptools<81.
  __import__(module_name)
38701 INFO: Processing pre-safe import module hook six.moves from 
'C:\\Users\\chris\\projects\\photo-cleaner\\.venv\\Lib\\site-packages\\PyInstaller\\hooks\\pre_safe_import_module\\hook-six.moves.py'.
40939 INFO: Loading module hook 'hook-urllib3.py' from 'C:\\Users\\chris\\projects\\photo-cleaner\\.venv\\Lib\\site-packages\\_pyinstaller_hooks_contrib\\stdhooks'...
41306 INFO: Loading module hook 'hook-cryptography.py' from 
'C:\\Users\\chris\\projects\\photo-cleaner\\.venv\\Lib\\site-packages\\_pyinstaller_hooks_contrib\\stdhooks'...
43333 INFO: hook-cryptography: cryptography does not seem to be using dynamically linked OpenSSL.
43516 INFO: Loading module hook 'hook-certifi.py' from 'C:\\Users\\chris\\projects\\photo-cleaner\\.venv\\Lib\\site-packages\\_pyinstaller_hooks_contrib\\stdhooks'...
46433 INFO: Loading module hook 'hook-scipy.py' from 'C:\\Users\\chris\\projects\\photo-cleaner\\.venv\\Lib\\site-packages\\PyInstaller\\hooks'...
46568 INFO: Loading module hook 'hook-pycparser.py' from 'C:\\Users\\chris\\projects\\photo-cleaner\\build_hooks'...
46933 INFO: Loading module hook 'hook-scipy.sparse.csgraph.py' from 'C:\\Users\\chris\\projects\\photo-cleaner\\.venv\\Lib\\site-packages\\PyInstaller\\hooks'...
46979 INFO: Loading module hook 'hook-scipy.linalg.py' from 'C:\\Users\\chris\\projects\\photo-cleaner\\.venv\\Lib\\site-packages\\PyInstaller\\hooks'...
47035 INFO: Loading module hook 'hook-scipy.special._ufuncs.py' from 'C:\\Users\\chris\\projects\\photo-cleaner\\.venv\\Lib\\site-packages\\PyInstaller\\hooks'...
47150 INFO: Loading module hook 'hook-scipy.special._ellip_harm_2.py' from 'C:\\Users\\chris\\projects\\photo-cleaner\\.venv\\Lib\\site-packages\\PyInstaller\\hooks'...
48350 INFO: Loading module hook 'hook-pygments.py' from 'C:\\Users\\chris\\projects\\photo-cleaner\\.venv\\Lib\\site-packages\\PyInstaller\\hooks'...
50948 INFO: Loading module hook 'hook-PIL.py' from 'C:\\Users\\chris\\projects\\photo-cleaner\\.venv\\Lib\\site-packages\\PyInstaller\\hooks'...
50999 INFO: Loading module hook 'hook-PIL.Image.py' from 'C:\\Users\\chris\\projects\\photo-cleaner\\.venv\\Lib\\site-packages\\PyInstaller\\hooks'...
51383 INFO: Loading module hook 'hook-xml.etree.cElementTree.py' from 'C:\\Users\\chris\\projects\\photo-cleaner\\.venv\\Lib\\site-packages\\PyInstaller\\hooks'...
51468 INFO: Loading module hook 'hook-PIL.ImageFilter.py' from 'C:\\Users\\chris\\projects\\photo-cleaner\\.venv\\Lib\\site-packages\\PyInstaller\\hooks'...
51810 INFO: Loading module hook 'hook-h5py.py' from 'C:\\Users\\chris\\projects\\photo-cleaner\\.venv\\Lib\\site-packages\\_pyinstaller_hooks_contrib\\stdhooks'...
53414 INFO: Loading module hook 'hook-grpc.py' from 'C:\\Users\\chris\\projects\\photo-cleaner\\.venv\\Lib\\site-packages\\_pyinstaller_hooks_contrib\\stdhooks'...
56911 INFO: Loading module hook 'hook-cv2.py' from 'C:\\Users\\chris\\projects\\photo-cleaner\\.venv\\Lib\\site-packages\\_pyinstaller_hooks_contrib\\stdhooks'...
57742 INFO: Loading module hook 'hook-pywt.py' from 'C:\\Users\\chris\\projects\\photo-cleaner\\.venv\\Lib\\site-packages\\_pyinstaller_hooks_contrib\\stdhooks'...
57893 INFO: Loading module hook 'hook-PySide6.py' from 'C:\\Users\\chris\\projects\\photo-cleaner\\.venv\\Lib\\site-packages\\PyInstaller\\hooks'...
58136 INFO: Loading module hook 'hook-shiboken6.py' from 'C:\\Users\\chris\\projects\\photo-cleaner\\.venv\\Lib\\site-packages\\PyInstaller\\hooks'...
58138 INFO: Loading module hook 'hook-PySide6.QtNetwork.py' from 'C:\\Users\\chris\\projects\\photo-cleaner\\.venv\\Lib\\site-packages\\PyInstaller\\hooks'...
61481 INFO: Loading module hook 'hook-PySide6.QtWidgets.py' from 'C:\\Users\\chris\\projects\\photo-cleaner\\.venv\\Lib\\site-packages\\PyInstaller\\hooks'...
63255 INFO: Loading module hook 'hook-PySide6.QtCore.py' from 'C:\\Users\\chris\\projects\\photo-cleaner\\.venv\\Lib\\site-packages\\PyInstaller\\hooks'...
65043 INFO: Loading module hook 'hook-PySide6.QtGui.py' from 'C:\\Users\\chris\\projects\\photo-cleaner\\.venv\\Lib\\site-packages\\PyInstaller\\hooks'...
C:\Users\chris\projects\photo-cleaner\.venv\Lib\site-packages\mtcnn\mtcnn.py:206: SyntaxWarning: "is" with a literal. Did you mean "=="?
  if method is 'Min':
73737 INFO: Loading module hook 'hook-sqlite3.py' from 'C:\\Users\\chris\\projects\\photo-cleaner\\.venv\\Lib\\site-packages\\PyInstaller\\hooks'...
74183 INFO: Loading module hook 'hook-sounddevice.py' from 
'C:\\Users\\chris\\projects\\photo-cleaner\\.venv\\Lib\\site-packages\\_pyinstaller_hooks_contrib\\stdhooks'...
74550 INFO: Analyzing hidden import 'photo_cleaner.ml'
74550 INFO: Analyzing hidden import 'send2trash'
74556 INFO: Processing pre-safe import module hook win32com from 
'C:\\Users\\chris\\projects\\photo-cleaner\\.venv\\Lib\\site-packages\\_pyinstaller_hooks_contrib\\pre_safe_import_module\\hook-win32com.py'.
74635 INFO: Processing pre-safe import module hook gi from 
'C:\\Users\\chris\\projects\\photo-cleaner\\.venv\\Lib\\site-packages\\PyInstaller\\hooks\\pre_safe_import_module\\hook-gi.py'.
74641 INFO: Analyzing hidden import 'click'
74843 INFO: Analyzing hidden import 'scipy._lib._bunch'
74845 INFO: Analyzing hidden import 'scipy._lib._disjoint_set'
74847 INFO: Analyzing hidden import 'scipy._lib._docscrape'
74859 INFO: Analyzing hidden import 'scipy._lib._finite_differences'
74861 INFO: Analyzing hidden import 'scipy._lib._fpumode'
74861 INFO: Analyzing hidden import 'scipy._lib._gcutils'
74861 INFO: Analyzing hidden import 'scipy._lib._test_ccallback'
74861 INFO: Analyzing hidden import 'scipy._lib._test_deprecation_call'
74861 INFO: Analyzing hidden import 'scipy._lib._test_deprecation_def'
74861 INFO: Analyzing hidden import 'scipy._lib._tmpdirs'
74861 INFO: Analyzing hidden import 'scipy._lib.doccer'
74861 INFO: Analyzing hidden import 'scipy._lib.messagestream'
74861 INFO: Analyzing hidden import 'scipy._lib.tests'
74861 INFO: Analyzing hidden import 'scipy._lib.tests.test__gcutils'
74872 INFO: Analyzing hidden import 'scipy._lib.tests.test__pep440'
74873 INFO: Analyzing hidden import 'scipy._lib.tests.test__testutils'
74874 INFO: Analyzing hidden import 'scipy._lib.tests.test__threadsafety'
74876 INFO: Analyzing hidden import 'scipy._lib.tests.test__util'
74884 INFO: Analyzing hidden import 'scipy._lib.tests.test_bunch'
74889 INFO: Analyzing hidden import 'scipy._lib.tests.test_ccallback'
74893 INFO: Analyzing hidden import 'scipy._lib.tests.test_deprecation'
74894 INFO: Analyzing hidden import 'scipy._lib.tests.test_import_cycles'
74897 INFO: Analyzing hidden import 'scipy._lib.tests.test_scipy_version'
74897 INFO: Analyzing hidden import 'scipy._lib.tests.test_tmpdirs'
74899 INFO: Analyzing hidden import 'scipy._lib.tests.test_warnings'
74902 INFO: Analyzing hidden import 'scipy.cluster'
76254 INFO: Loading module hook 'hook-scipy.stats._stats.py' from 'C:\\Users\\chris\\projects\\photo-cleaner\\.venv\\Lib\\site-packages\\PyInstaller\\hooks'...
76886 INFO: Loading module hook 'hook-scipy.spatial.transform.rotation.py' from 
'C:\\Users\\chris\\projects\\photo-cleaner\\.venv\\Lib\\site-packages\\PyInstaller\\hooks'...
76914 INFO: Analyzing hidden import 'scipy.cluster.tests'
76915 INFO: Analyzing hidden import 'scipy.cluster.tests.hierarchy_test_data'
76917 INFO: Analyzing hidden import 'scipy.cluster.tests.test_disjoint_set'
76922 INFO: Analyzing hidden import 'scipy.cluster.tests.test_hierarchy'
76946 INFO: Analyzing hidden import 'scipy.cluster.tests.test_vq'
76955 INFO: Analyzing hidden import 'scipy.conftest'
76958 INFO: Analyzing hidden import 'scipy.constants'
76970 INFO: Analyzing hidden import 'scipy.constants.tests'
76971 INFO: Analyzing hidden import 'scipy.constants.tests.test_codata'
76973 INFO: Analyzing hidden import 'scipy.constants.tests.test_constants'
76974 INFO: Analyzing hidden import 'scipy.datasets'
76980 INFO: Analyzing hidden import 'scipy.datasets.tests'
76981 INFO: Analyzing hidden import 'scipy.datasets.tests.test_data'
76983 INFO: Analyzing hidden import 'scipy.fft._debug_backends'
76984 INFO: Analyzing hidden import 'scipy.fft._pocketfft.tests'
76985 INFO: Analyzing hidden import 'scipy.fft._pocketfft.tests.test_basic'
77013 INFO: Analyzing hidden import 'scipy.fft._pocketfft.tests.test_real_transforms'
77073 INFO: Analyzing hidden import 'scipy.fft.tests'
77073 INFO: Analyzing hidden import 'scipy.fft.tests.mock_backend'
77075 INFO: Analyzing hidden import 'scipy.fft.tests.test_backend'
77079 INFO: Analyzing hidden import 'scipy.fft.tests.test_fft_function'
77079 INFO: Analyzing hidden import 'scipy.fft.tests.test_fftlog'
77083 INFO: Analyzing hidden import 'scipy.fft.tests.test_helper'
77090 INFO: Analyzing hidden import 'scipy.fft.tests.test_multithreading'
77092 INFO: Analyzing hidden import 'scipy.fft.tests.test_numpy'
77102 INFO: Analyzing hidden import 'scipy.fft.tests.test_real_transforms'
77108 INFO: Analyzing hidden import 'scipy.fftpack.tests'
77109 INFO: Analyzing hidden import 'scipy.fftpack.tests.test_basic'
77131 INFO: Analyzing hidden import 'scipy.fftpack.tests.test_helper'
77133 INFO: Analyzing hidden import 'scipy.fftpack.tests.test_import'
77134 INFO: Analyzing hidden import 'scipy.fftpack.tests.test_pseudo_diffs'
77141 INFO: Analyzing hidden import 'scipy.fftpack.tests.test_real_transforms'
77161 INFO: Analyzing hidden import 'scipy.integrate._ivp.tests'
77161 INFO: Analyzing hidden import 'scipy.integrate._ivp.tests.test_ivp'
77192 INFO: Analyzing hidden import 'scipy.integrate._ivp.tests.test_rk'
77194 INFO: Analyzing hidden import 'scipy.integrate._test_multivariate'
77194 INFO: Analyzing hidden import 'scipy.integrate._test_odeint_banded'
77195 INFO: Analyzing hidden import 'scipy.integrate.tests'
77195 INFO: Analyzing hidden import 'scipy.integrate.tests.test__quad_vec'
77201 INFO: Analyzing hidden import 'scipy.integrate.tests.test_banded_ode_solvers'
77204 INFO: Analyzing hidden import 'scipy.integrate.tests.test_bvp'
77222 INFO: Analyzing hidden import 'scipy.integrate.tests.test_integrate'
77238 INFO: Analyzing hidden import 'scipy.integrate.tests.test_odeint_jac'
77239 INFO: Analyzing hidden import 'scipy.integrate.tests.test_quadpack'
77254 INFO: Analyzing hidden import 'scipy.integrate.tests.test_quadrature'
77322 INFO: Analyzing hidden import 'scipy.interpolate._interpnd_info'
77324 INFO: Analyzing hidden import 'scipy.interpolate.tests'
77325 INFO: Analyzing hidden import 'scipy.interpolate.tests.test_bsplines'
77369 INFO: Analyzing hidden import 'scipy.interpolate.tests.test_fitpack'
77381 INFO: Analyzing hidden import 'scipy.interpolate.tests.test_fitpack2'
77424 INFO: Analyzing hidden import 'scipy.interpolate.tests.test_gil'
77426 INFO: Analyzing hidden import 'scipy.interpolate.tests.test_interpnd'
77435 INFO: Analyzing hidden import 'scipy.interpolate.tests.test_interpolate'
77556 INFO: Analyzing hidden import 'scipy.interpolate.tests.test_ndgriddata'
77565 INFO: Analyzing hidden import 'scipy.interpolate.tests.test_pade'
77569 INFO: Analyzing hidden import 'scipy.interpolate.tests.test_polyint'
77592 INFO: Analyzing hidden import 'scipy.interpolate.tests.test_rbf'
77597 INFO: Analyzing hidden import 'scipy.interpolate.tests.test_rbfinterp'
77609 INFO: Analyzing hidden import 'scipy.interpolate.tests.test_rgi'
77634 INFO: Analyzing hidden import 'scipy.io'
77636 INFO: Loading module hook 'hook-scipy.io.matlab.py' from 'C:\\Users\\chris\\projects\\photo-cleaner\\.venv\\Lib\\site-packages\\PyInstaller\\hooks'...
77794 INFO: Analyzing hidden import 'scipy.io._harwell_boeing.tests'
77795 INFO: Analyzing hidden import 'scipy.io._harwell_boeing.tests.test_fortran_format'
77798 INFO: Analyzing hidden import 'scipy.io._harwell_boeing.tests.test_hb'
77800 INFO: Analyzing hidden import 'scipy.io._test_fortran'
77800 INFO: Analyzing hidden import 'scipy.io.arff.tests'
77800 INFO: Analyzing hidden import 'scipy.io.arff.tests.test_arffread'
77810 INFO: Analyzing hidden import 'scipy.io.matlab.tests'
77810 INFO: Analyzing hidden import 'scipy.io.matlab.tests.test_byteordercodes'
77811 INFO: Analyzing hidden import 'scipy.io.matlab.tests.test_mio'
77838 INFO: Analyzing hidden import 'scipy.io.matlab.tests.test_mio5_utils'
77841 INFO: Analyzing hidden import 'scipy.io.matlab.tests.test_mio_funcs'
77841 INFO: Analyzing hidden import 'scipy.io.matlab.tests.test_mio_utils'
77841 INFO: Analyzing hidden import 'scipy.io.matlab.tests.test_miobase'
77841 INFO: Analyzing hidden import 'scipy.io.matlab.tests.test_pathological'
77841 INFO: Analyzing hidden import 'scipy.io.matlab.tests.test_streams'
77854 INFO: Analyzing hidden import 'scipy.io.tests'
77855 INFO: Analyzing hidden import 'scipy.io.tests.test_fortran'
77862 INFO: Analyzing hidden import 'scipy.io.tests.test_idl'
77876 INFO: Analyzing hidden import 'scipy.io.tests.test_mmio'
77891 INFO: Analyzing hidden import 'scipy.io.tests.test_netcdf'
77902 INFO: Analyzing hidden import 'scipy.io.tests.test_paths'
77906 INFO: Analyzing hidden import 'scipy.io.tests.test_wavfile'
77913 INFO: Analyzing hidden import 'scipy.linalg._testutils'
77915 INFO: Analyzing hidden import 'scipy.linalg.cython_blas'
77915 INFO: Analyzing hidden import 'scipy.linalg.cython_lapack'
77915 INFO: Analyzing hidden import 'scipy.linalg.tests'
77916 INFO: Analyzing hidden import 'scipy.linalg.tests.test_basic'
77962 INFO: Analyzing hidden import 'scipy.linalg.tests.test_blas'
78040 INFO: Analyzing hidden import 'scipy.linalg.tests.test_cython_blas'
78044 INFO: Analyzing hidden import 'scipy.linalg.tests.test_cython_lapack'
78045 INFO: Analyzing hidden import 'scipy.linalg.tests.test_cythonized_array_utils'
78049 INFO: Analyzing hidden import 'scipy.linalg.tests.test_decomp'
78125 INFO: Analyzing hidden import 'scipy.linalg.tests.test_decomp_cholesky'
78132 INFO: Analyzing hidden import 'scipy.linalg.tests.test_decomp_cossin'
78137 INFO: Analyzing hidden import 'scipy.linalg.tests.test_decomp_ldl'
78143 INFO: Analyzing hidden import 'scipy.linalg.tests.test_decomp_lu'
78152 INFO: Analyzing hidden import 'scipy.linalg.tests.test_decomp_polar'
78155 INFO: Analyzing hidden import 'scipy.linalg.tests.test_decomp_update'
78255 INFO: Analyzing hidden import 'scipy.linalg.tests.test_fblas'
78267 INFO: Analyzing hidden import 'scipy.linalg.tests.test_interpolative'
78273 INFO: Analyzing hidden import 'scipy.linalg.tests.test_lapack'
78349 INFO: Analyzing hidden import 'scipy.linalg.tests.test_matfuncs'
78374 INFO: Analyzing hidden import 'scipy.linalg.tests.test_matmul_toeplitz'
78378 INFO: Analyzing hidden import 'scipy.linalg.tests.test_misc'
78379 INFO: Analyzing hidden import 'scipy.linalg.tests.test_procrustes'
78384 INFO: Analyzing hidden import 'scipy.linalg.tests.test_sketches'
78387 INFO: Analyzing hidden import 'scipy.linalg.tests.test_solve_toeplitz'
78391 INFO: Analyzing hidden import 'scipy.linalg.tests.test_solvers'
78408 INFO: Analyzing hidden import 'scipy.linalg.tests.test_special_matrices'
78469 INFO: Analyzing hidden import 'scipy.misc'
78474 INFO: Analyzing hidden import 'scipy.misc.tests'
78474 INFO: Analyzing hidden import 'scipy.misc.tests.test_common'
78476 INFO: Analyzing hidden import 'scipy.misc.tests.test_config'
78477 INFO: Analyzing hidden import 'scipy.misc.tests.test_doccer'
78479 INFO: Analyzing hidden import 'scipy.ndimage._ctest'
78479 INFO: Analyzing hidden import 'scipy.ndimage._cytest'
78480 INFO: Analyzing hidden import 'scipy.ndimage.tests'
78480 INFO: Analyzing hidden import 'scipy.ndimage.tests.test_c_api'
78483 INFO: Analyzing hidden import 'scipy.ndimage.tests.test_datatypes'
78485 INFO: Analyzing hidden import 'scipy.ndimage.tests.test_filters'
78540 INFO: Analyzing hidden import 'scipy.ndimage.tests.test_fourier'
78544 INFO: Analyzing hidden import 'scipy.ndimage.tests.test_interpolation'
78578 INFO: Analyzing hidden import 'scipy.ndimage.tests.test_measurements'
78609 INFO: Analyzing hidden import 'scipy.ndimage.tests.test_morphology'
78718 INFO: Analyzing hidden import 'scipy.ndimage.tests.test_splines'
78720 INFO: Analyzing hidden import 'scipy.odr'
78737 INFO: Analyzing hidden import 'scipy.odr.tests'
78738 INFO: Analyzing hidden import 'scipy.odr.tests.test_odr'
78751 INFO: Analyzing hidden import 'scipy.optimize._trustregion_constr.tests'
78751 INFO: Analyzing hidden import 'scipy.optimize._trustregion_constr.tests.test_canonical_constraint'
78755 INFO: Analyzing hidden import 'scipy.optimize._trustregion_constr.tests.test_projections'
78755 INFO: Analyzing hidden import 'scipy.optimize._trustregion_constr.tests.test_qp_subproblem'
78778 INFO: Analyzing hidden import 'scipy.optimize._trustregion_constr.tests.test_report'
78780 INFO: Analyzing hidden import 'scipy.optimize._tstutils'
78800 INFO: Analyzing hidden import 'scipy.optimize.cython_optimize'
78800 INFO: Analyzing hidden import 'scipy.optimize.cython_optimize._zeros'
78801 INFO: Analyzing hidden import 'scipy.optimize.tests'
78801 INFO: Analyzing hidden import 'scipy.optimize.tests.test__basinhopping'
78807 INFO: Analyzing hidden import 'scipy.optimize.tests.test__differential_evolution'
78898 INFO: Analyzing hidden import 'scipy.optimize.tests.test__dual_annealing'
78905 INFO: Analyzing hidden import 'scipy.optimize.tests.test__linprog_clean_inputs'
78915 INFO: Analyzing hidden import 'scipy.optimize.tests.test__numdiff'
78934 INFO: Analyzing hidden import 'scipy.optimize.tests.test__remove_redundancy'
78995 INFO: Analyzing hidden import 'scipy.optimize.tests.test__root'
78998 INFO: Analyzing hidden import 'scipy.optimize.tests.test__shgo'
79018 INFO: Analyzing hidden import 'scipy.optimize.tests.test__spectral'
79024 INFO: Analyzing hidden import 'scipy.optimize.tests.test_cobyla'
79029 INFO: Analyzing hidden import 'scipy.optimize.tests.test_constraint_conversion'
79054 INFO: Analyzing hidden import 'scipy.optimize.tests.test_constraints'
79055 INFO: Analyzing hidden import 'scipy.optimize.tests.test_cython_optimize'
79055 INFO: Analyzing hidden import 'scipy.optimize.tests.test_differentiable_functions'
79131 INFO: Analyzing hidden import 'scipy.optimize.tests.test_direct'
79139 INFO: Analyzing hidden import 'scipy.optimize.tests.test_hessian_update_strategy'
79146 INFO: Analyzing hidden import 'scipy.optimize.tests.test_lbfgsb_hessinv'
79147 INFO: Analyzing hidden import 'scipy.optimize.tests.test_lbfgsb_setulb'
79150 INFO: Analyzing hidden import 'scipy.optimize.tests.test_least_squares'
79171 INFO: Analyzing hidden import 'scipy.optimize.tests.test_linear_assignment'
79183 INFO: Analyzing hidden import 'scipy.optimize.tests.test_linesearch'
79191 INFO: Analyzing hidden import 'scipy.optimize.tests.test_lsq_common'
79199 INFO: Analyzing hidden import 'scipy.optimize.tests.test_lsq_linear'
79207 INFO: Analyzing hidden import 'scipy.optimize.tests.test_milp'
79217 INFO: Analyzing hidden import 'scipy.optimize.tests.test_minpack'
79240 INFO: Analyzing hidden import 'scipy.optimize.tests.test_nnls'
79240 INFO: Analyzing hidden import 'scipy.optimize.tests.test_nonlin'
79256 INFO: Analyzing hidden import 'scipy.optimize.tests.test_optimize'
79374 INFO: Analyzing hidden import 'scipy.optimize.tests.test_quadratic_assignment'
79383 INFO: Analyzing hidden import 'scipy.optimize.tests.test_regression'
79385 INFO: Analyzing hidden import 'scipy.optimize.tests.test_slsqp'
79398 INFO: Analyzing hidden import 'scipy.optimize.tests.test_tnc'
79405 INFO: Analyzing hidden import 'scipy.optimize.tests.test_trustregion'
79405 INFO: Analyzing hidden import 'scipy.optimize.tests.test_trustregion_exact'
79414 INFO: Analyzing hidden import 'scipy.optimize.tests.test_trustregion_krylov'
79422 INFO: Analyzing hidden import 'scipy.optimize.tests.test_zeros'
79443 INFO: Analyzing hidden import 'scipy.signal'
79700 INFO: Analyzing hidden import 'scipy.signal.tests'
79700 INFO: Analyzing hidden import 'scipy.signal.tests.mpsig'
79703 INFO: Analyzing hidden import 'scipy.signal.tests.test_array_tools'
79705 INFO: Analyzing hidden import 'scipy.signal.tests.test_bsplines'
79712 INFO: Analyzing hidden import 'scipy.signal.tests.test_cont2discrete'
79723 INFO: Analyzing hidden import 'scipy.signal.tests.test_czt'
79729 INFO: Analyzing hidden import 'scipy.signal.tests.test_dltisys'
79743 INFO: Analyzing hidden import 'scipy.signal.tests.test_filter_design'
79897 INFO: Analyzing hidden import 'scipy.signal.tests.test_fir_filter_design'
79915 INFO: Analyzing hidden import 'scipy.signal.tests.test_ltisys'
79948 INFO: Analyzing hidden import 'scipy.signal.tests.test_max_len_seq'
79950 INFO: Analyzing hidden import 'scipy.signal.tests.test_peak_finding'
79973 INFO: Analyzing hidden import 'scipy.signal.tests.test_result_type'
79975 INFO: Analyzing hidden import 'scipy.signal.tests.test_savitzky_golay'
79983 INFO: Analyzing hidden import 'scipy.signal.tests.test_signaltools'
80132 INFO: Analyzing hidden import 'scipy.signal.tests.test_spectral'
80172 INFO: Analyzing hidden import 'scipy.signal.tests.test_upfirdn'
80179 INFO: Analyzing hidden import 'scipy.signal.tests.test_waveforms'
80187 INFO: Analyzing hidden import 'scipy.signal.tests.test_wavelets'
80193 INFO: Analyzing hidden import 'scipy.signal.tests.test_windows'
80260 INFO: Analyzing hidden import 'scipy.sparse.csgraph._validation'
80262 INFO: Analyzing hidden import 'scipy.sparse.csgraph.setup'
80263 INFO: Analyzing hidden import 'scipy.sparse.csgraph.tests.test_connected_components'
80265 INFO: Analyzing hidden import 'scipy.sparse.csgraph.tests.test_conversions'
80268 INFO: Analyzing hidden import 'scipy.sparse.csgraph.tests.test_flow'
80273 INFO: Analyzing hidden import 'scipy.sparse.csgraph.tests.test_graph_laplacian'
80280 INFO: Analyzing hidden import 'scipy.sparse.csgraph.tests.test_reordering'
80282 INFO: Analyzing hidden import 'scipy.sparse.csgraph.tests.test_shortest_path'
80290 INFO: Analyzing hidden import 'scipy.sparse.csgraph.tests.test_spanning_tree'
80292 INFO: Analyzing hidden import 'scipy.sparse.csgraph.tests.test_traversal'
80294 INFO: Analyzing hidden import 'scipy.sparse.linalg._dsolve.tests'
80295 INFO: Analyzing hidden import 'scipy.sparse.linalg._dsolve.tests.test_linsolve'
80316 INFO: Analyzing hidden import 'scipy.sparse.linalg._eigen._svds_doc'
80316 INFO: Analyzing hidden import 'scipy.sparse.linalg._eigen.arpack.tests'
80317 INFO: Analyzing hidden import 'scipy.sparse.linalg._eigen.arpack.tests.test_arpack'
80332 INFO: Analyzing hidden import 'scipy.sparse.linalg._eigen.lobpcg.tests'
80333 INFO: Analyzing hidden import 'scipy.sparse.linalg._eigen.lobpcg.tests.test_lobpcg'
80348 INFO: Analyzing hidden import 'scipy.sparse.linalg._eigen.tests'
80349 INFO: Analyzing hidden import 'scipy.sparse.linalg._eigen.tests.test_svds'
80372 INFO: Analyzing hidden import 'scipy.sparse.linalg._isolve.tests'
80373 INFO: Analyzing hidden import 'scipy.sparse.linalg._isolve.tests.test_gcrotmk'
80378 INFO: Analyzing hidden import 'scipy.sparse.linalg._isolve.tests.test_iterative'
80396 INFO: Analyzing hidden import 'scipy.sparse.linalg._isolve.tests.test_lgmres'
80402 INFO: Analyzing hidden import 'scipy.sparse.linalg._isolve.tests.test_lsmr'
80412 INFO: Analyzing hidden import 'scipy.sparse.linalg._isolve.tests.test_minres'
80415 INFO: Analyzing hidden import 'scipy.sparse.linalg._isolve.tests.test_utils'
80415 INFO: Analyzing hidden import 'scipy.sparse.linalg.tests'
80416 INFO: Analyzing hidden import 'scipy.sparse.linalg.tests.test_expm_multiply'
80425 INFO: Analyzing hidden import 'scipy.sparse.linalg.tests.test_interface'
80440 INFO: Analyzing hidden import 'scipy.sparse.linalg.tests.test_matfuncs'
80452 INFO: Analyzing hidden import 'scipy.sparse.linalg.tests.test_norm'
80457 INFO: Analyzing hidden import 'scipy.sparse.linalg.tests.test_onenormest'
80463 INFO: Analyzing hidden import 'scipy.sparse.linalg.tests.test_propack'
80467 INFO: Analyzing hidden import 'scipy.sparse.linalg.tests.test_pydata_sparse'
80472 INFO: Analyzing hidden import 'scipy.sparse.spfuncs'
80473 INFO: Analyzing hidden import 'scipy.sparse.tests'
80473 INFO: Analyzing hidden import 'scipy.sparse.tests.test_array_api'
80484 INFO: Analyzing hidden import 'scipy.sparse.tests.test_base'
80681 INFO: Analyzing hidden import 'scipy.sparse.tests.test_construct'
80700 INFO: Analyzing hidden import 'scipy.sparse.tests.test_csc'
80703 INFO: Analyzing hidden import 'scipy.sparse.tests.test_csr'
80708 INFO: Analyzing hidden import 'scipy.sparse.tests.test_deprecations'
80709 INFO: Analyzing hidden import 'scipy.sparse.tests.test_extract'
80711 INFO: Analyzing hidden import 'scipy.sparse.tests.test_matrix_io'
80714 INFO: Analyzing hidden import 'scipy.sparse.tests.test_sparsetools'
80721 INFO: Analyzing hidden import 'scipy.sparse.tests.test_spfuncs'
80776 INFO: Analyzing hidden import 'scipy.sparse.tests.test_sputils'
80781 INFO: Analyzing hidden import 'scipy.spatial.tests'
80782 INFO: Analyzing hidden import 'scipy.spatial.tests.test__plotutils'
80784 INFO: Analyzing hidden import 'scipy.spatial.tests.test__procrustes'
80787 INFO: Analyzing hidden import 'scipy.spatial.tests.test_distance'
80844 INFO: Analyzing hidden import 'scipy.spatial.tests.test_hausdorff'
80849 INFO: Analyzing hidden import 'scipy.spatial.tests.test_kdtree'
80886 INFO: Analyzing hidden import 'scipy.spatial.tests.test_qhull'
80911 INFO: Analyzing hidden import 'scipy.spatial.tests.test_slerp'
80919 INFO: Analyzing hidden import 'scipy.spatial.tests.test_spherical_voronoi'
80929 INFO: Analyzing hidden import 'scipy.spatial.transform._rotation_groups'
80933 INFO: Analyzing hidden import 'scipy.spatial.transform.tests'
80933 INFO: Analyzing hidden import 'scipy.spatial.transform.tests.test_rotation'
81018 INFO: Analyzing hidden import 'scipy.spatial.transform.tests.test_rotation_groups'
81024 INFO: Analyzing hidden import 'scipy.spatial.transform.tests.test_rotation_spline'
81028 INFO: Analyzing hidden import 'scipy.special._mptestutils'
81042 INFO: Analyzing hidden import 'scipy.special._precompute'
81043 INFO: Analyzing hidden import 'scipy.special._precompute.cosine_cdf'
81044 INFO: Analyzing hidden import 'scipy.special._precompute.expn_asy'
81046 INFO: Analyzing hidden import 'scipy.special._precompute.gammainc_asy'
81049 INFO: Analyzing hidden import 'scipy.special._precompute.gammainc_data'
81052 INFO: Analyzing hidden import 'scipy.special._precompute.lambertw'
81054 INFO: Analyzing hidden import 'scipy.special._precompute.loggamma'
81055 INFO: Analyzing hidden import 'scipy.special._precompute.struve_convergence'
81059 INFO: Analyzing hidden import 'scipy.special._precompute.wright_bessel'
81065 INFO: Analyzing hidden import 'scipy.special._precompute.wright_bessel_data'
81071 INFO: Analyzing hidden import 'scipy.special._precompute.wrightomega'
81072 INFO: Analyzing hidden import 'scipy.special._precompute.zetac'
81073 INFO: Analyzing hidden import 'scipy.special._test_internal'
81073 INFO: Analyzing hidden import 'scipy.special._ufuncs_cxx'
81074 INFO: Analyzing hidden import 'scipy.special.cython_special'
81075 INFO: Analyzing hidden import 'scipy.special.tests'
81075 INFO: Analyzing hidden import 'scipy.special.tests.test_basic'
81183 INFO: Analyzing hidden import 'scipy.special.tests.test_bdtr'
81187 INFO: Analyzing hidden import 'scipy.special.tests.test_boxcox'
81192 INFO: Analyzing hidden import 'scipy.special.tests.test_cdflib'
81249 INFO: Analyzing hidden import 'scipy.special.tests.test_cdft_asymptotic'
81251 INFO: Analyzing hidden import 'scipy.special.tests.test_cosine_distr'
81252 INFO: Analyzing hidden import 'scipy.special.tests.test_cython_special'
81263 INFO: Analyzing hidden import 'scipy.special.tests.test_data'
81281 INFO: Analyzing hidden import 'scipy.special.tests.test_dd'
81282 INFO: Analyzing hidden import 'scipy.special.tests.test_digamma'
81284 INFO: Analyzing hidden import 'scipy.special.tests.test_ellip_harm'
81294 INFO: Analyzing hidden import 'scipy.special.tests.test_erfinv'
81296 INFO: Analyzing hidden import 'scipy.special.tests.test_exponential_integrals'
81298 INFO: Analyzing hidden import 'scipy.special.tests.test_faddeeva'
81300 INFO: Analyzing hidden import 'scipy.special.tests.test_gamma'
81301 INFO: Analyzing hidden import 'scipy.special.tests.test_gammainc'
81304 INFO: Analyzing hidden import 'scipy.special.tests.test_hyp2f1'
81323 INFO: Analyzing hidden import 'scipy.special.tests.test_hypergeometric'
81326 INFO: Analyzing hidden import 'scipy.special.tests.test_kolmogorov'
81337 INFO: Analyzing hidden import 'scipy.special.tests.test_lambertw'
81341 INFO: Analyzing hidden import 'scipy.special.tests.test_log_softmax'
81343 INFO: Analyzing hidden import 'scipy.special.tests.test_loggamma'
81346 INFO: Analyzing hidden import 'scipy.special.tests.test_logit'
81349 INFO: Analyzing hidden import 'scipy.special.tests.test_logsumexp'
81353 INFO: Analyzing hidden import 'scipy.special.tests.test_mpmath'
81400 INFO: Analyzing hidden import 'scipy.special.tests.test_nan_inputs'
81403 INFO: Analyzing hidden import 'scipy.special.tests.test_ndtr'
81405 INFO: Analyzing hidden import 'scipy.special.tests.test_ndtri_exp'
81407 INFO: Analyzing hidden import 'scipy.special.tests.test_orthogonal'
81433 INFO: Analyzing hidden import 'scipy.special.tests.test_orthogonal_eval'
81489 INFO: Analyzing hidden import 'scipy.special.tests.test_owens_t'
81491 INFO: Analyzing hidden import 'scipy.special.tests.test_pcf'
81492 INFO: Analyzing hidden import 'scipy.special.tests.test_pdtr'
81494 INFO: Analyzing hidden import 'scipy.special.tests.test_powm1'
81496 INFO: Analyzing hidden import 'scipy.special.tests.test_precompute_expn_asy'
81497 INFO: Analyzing hidden import 'scipy.special.tests.test_precompute_gammainc'
81500 INFO: Analyzing hidden import 'scipy.special.tests.test_precompute_utils'
81501 INFO: Analyzing hidden import 'scipy.special.tests.test_round'
81502 INFO: Analyzing hidden import 'scipy.special.tests.test_sf_error'
81505 INFO: Analyzing hidden import 'scipy.special.tests.test_sici'
81505 INFO: Analyzing hidden import 'scipy.special.tests.test_spence'
81508 INFO: Analyzing hidden import 'scipy.special.tests.test_spfun_stats'
81512 INFO: Analyzing hidden import 'scipy.special.tests.test_sph_harm'
81512 INFO: Analyzing hidden import 'scipy.special.tests.test_spherical_bessel'
81523 INFO: Analyzing hidden import 'scipy.special.tests.test_trig'
81525 INFO: Analyzing hidden import 'scipy.special.tests.test_wright_bessel'
81528 INFO: Analyzing hidden import 'scipy.special.tests.test_wrightomega'
81530 INFO: Analyzing hidden import 'scipy.special.tests.test_zeta'
81532 INFO: Analyzing hidden import 'scipy.stats._generate_pyx'
81533 INFO: Analyzing hidden import 'scipy.stats._result_classes'
81534 INFO: Analyzing hidden import 'scipy.stats._unuran'
81535 INFO: Analyzing hidden import 'scipy.stats._unuran.unuran_wrapper'
81535 INFO: Analyzing hidden import 'scipy.stats.sampling'
81535 INFO: Analyzing hidden import 'scipy.stats.tests'
81536 INFO: Analyzing hidden import 'scipy.stats.tests.common_tests'
81551 INFO: Analyzing hidden import 'scipy.stats.tests.test_axis_nan_policy'
81578 INFO: Analyzing hidden import 'scipy.stats.tests.test_binned_statistic'
81591 INFO: Analyzing hidden import 'scipy.stats.tests.test_boost_ufuncs'
81592 INFO: Analyzing hidden import 'scipy.stats.tests.test_censored_data'
81597 INFO: Analyzing hidden import 'scipy.stats.tests.test_contingency'
81601 INFO: Analyzing hidden import 'scipy.stats.tests.test_continuous_basic'
81623 INFO: Analyzing hidden import 'scipy.stats.tests.test_continuous_fit_censored'
81630 INFO: Analyzing hidden import 'scipy.stats.tests.test_crosstab'
81633 INFO: Analyzing hidden import 'scipy.stats.tests.test_discrete_basic'
81646 INFO: Analyzing hidden import 'scipy.stats.tests.test_discrete_distns'
81658 INFO: Analyzing hidden import 'scipy.stats.tests.test_distributions'
81985 INFO: Analyzing hidden import 'scipy.stats.tests.test_entropy'
81993 INFO: Analyzing hidden import 'scipy.stats.tests.test_fit'
82016 INFO: Analyzing hidden import 'scipy.stats.tests.test_hypotests'
82051 INFO: Analyzing hidden import 'scipy.stats.tests.test_kdeoth'
82063 INFO: Analyzing hidden import 'scipy.stats.tests.test_morestats'
82130 INFO: Analyzing hidden import 'scipy.stats.tests.test_mstats_basic'
82239 INFO: Analyzing hidden import 'scipy.stats.tests.test_mstats_extras'
82239 INFO: Analyzing hidden import 'scipy.stats.tests.test_multicomp'
82255 INFO: Analyzing hidden import 'scipy.stats.tests.test_multivariate'
82354 INFO: Analyzing hidden import 'scipy.stats.tests.test_odds_ratio'
82366 INFO: Analyzing hidden import 'scipy.stats.tests.test_qmc'
82452 INFO: Analyzing hidden import 'scipy.stats.tests.test_rank'
82461 INFO: Analyzing hidden import 'scipy.stats.tests.test_relative_risk'
82463 INFO: Analyzing hidden import 'scipy.stats.tests.test_resampling'
82500 INFO: Analyzing hidden import 'scipy.stats.tests.test_sampling'
82530 INFO: Analyzing hidden import 'scipy.stats.tests.test_sensitivity_analysis'
82536 INFO: Analyzing hidden import 'scipy.stats.tests.test_stats'
82806 INFO: Analyzing hidden import 'scipy.stats.tests.test_survival'
82816 INFO: Analyzing hidden import 'scipy.stats.tests.test_tukeylambda_stats'
82819 INFO: Analyzing hidden import 'scipy.stats.tests.test_variation'
82823 INFO: Analyzing hidden import 'mediapipe.tasks.c'
82824 INFO: Analyzing hidden import 'mediapipe.tasks.python.benchmark'
82824 INFO: Analyzing hidden import 'mediapipe.tasks.python.benchmark.benchmark_utils'
82826 INFO: Analyzing hidden import 'mediapipe.tasks.python.benchmark.vision'
82826 INFO: Analyzing hidden import 'mediapipe.tasks.python.benchmark.vision.benchmark'
82829 INFO: Analyzing hidden import 'mediapipe.tasks.python.metadata'
82829 INFO: Analyzing hidden import 'mediapipe.tasks.python.metadata.metadata'
83439 INFO: Analyzing hidden import 'mediapipe.tasks.python.metadata.metadata_displayer_cli'
83439 INFO: Analyzing hidden import 'mediapipe.tasks.python.metadata.metadata_writers'
83439 INFO: Analyzing hidden import 'mediapipe.tasks.python.metadata.metadata_writers.image_classifier'
83459 INFO: Analyzing hidden import 'mediapipe.tasks.python.metadata.metadata_writers.image_segmenter'
83473 INFO: Analyzing hidden import 'mediapipe.tasks.python.metadata.metadata_writers.model_asset_bundle_utils'
83474 INFO: Analyzing hidden import 'mediapipe.tasks.python.metadata.metadata_writers.object_detector'
83491 INFO: Analyzing hidden import 'mediapipe.tasks.python.metadata.metadata_writers.text_classifier'
83492 INFO: Analyzing hidden import 'mediapipe.tasks.python.test'
83493 INFO: Analyzing hidden import 'mediapipe.tasks.python.test.audio'
83493 INFO: Analyzing hidden import 'mediapipe.tasks.python.test.audio.audio_classifier_test'
83505 INFO: Analyzing hidden import 'mediapipe.tasks.python.test.text'
83505 INFO: Analyzing hidden import 'mediapipe.tasks.python.test.text.language_detector_test'
83509 INFO: Analyzing hidden import 'mediapipe.tasks.python.test.text.text_classifier_test'
83514 INFO: Analyzing hidden import 'mediapipe.tasks.python.test.text.text_embedder_test'
83515 INFO: Analyzing hidden import 'mediapipe.tasks.python.test.vision'
83515 INFO: Analyzing hidden import 'mediapipe.tasks.python.test.vision.face_detector_test'
83528 INFO: Analyzing hidden import 'mediapipe.tasks.python.test.vision.face_landmarker_test'
83537 INFO: Analyzing hidden import 'mediapipe.tasks.python.test.vision.hand_landmarker_test'
83547 INFO: Analyzing hidden import 'mediapipe.tasks.python.test.vision.image_classifier_test'
83559 INFO: Analyzing hidden import 'mediapipe.tasks.python.test.vision.image_embedder_test'
83568 INFO: Analyzing hidden import 'mediapipe.tasks.python.test.vision.image_segmenter_test'
83580 INFO: Analyzing hidden import 'mediapipe.tasks.python.test.vision.image_test'
83583 INFO: Analyzing hidden import 'mediapipe.tasks.python.test.vision.interactive_segmenter_test'
83588 INFO: Analyzing hidden import 'mediapipe.tasks.python.test.vision.object_detector_test'
83596 INFO: Analyzing hidden import 'mediapipe.tasks.python.test.vision.pose_landmarker_test'
83606 INFO: Processing module hooks...
83628 INFO: Loading module hook 'hook-win32ctypes.core.py' from 'C:\\Users\\chris\\projects\\photo-cleaner\\.venv\\Lib\\site-packages\\PyInstaller\\hooks'...
90102 INFO: Loading module hook 'hook-PIL.SpiderImagePlugin.py' from 'C:\\Users\\chris\\projects\\photo-cleaner\\.venv\\Lib\\site-packages\\PyInstaller\\hooks'...
90150 WARNING: Hidden import "pkg_resources._vendor.jaraco.functools" not found!
90151 WARNING: Hidden import "pkg_resources._vendor.jaraco.context" not found!
90151 WARNING: Hidden import "pkg_resources._vendor.jaraco.text" not found!
90151 WARNING: Hidden import "pkg_resources.extern" not found!
91519 INFO: Loading module hook 'hook-setuptools.msvc.py' from 'C:\\Users\\chris\\projects\\photo-cleaner\\.venv\\Lib\\site-packages\\PyInstaller\\hooks'...
92073 INFO: Loading module hook 'hook-setuptools._distutils.command.check.py' from 
'C:\\Users\\chris\\projects\\photo-cleaner\\.venv\\Lib\\site-packages\\PyInstaller\\hooks'...
92301 INFO: Loading module hook 'hook-distutils.command.check.py' from 'C:\\Users\\chris\\projects\\photo-cleaner\\.venv\\Lib\\site-packages\\PyInstaller\\hooks'...
92458 INFO: Performing binary vs. data reclassification (2146 entries)
215148 INFO: Looking for ctypes DLLs
215764 INFO: Analyzing run-time hooks ...
215783 INFO: Including run-time hook 'C:\\Users\\chris\\projects\\photo-cleaner\\.venv\\Lib\\site-packages\\PyInstaller\\hooks\\rthooks\\pyi_rth_inspect.py'
215786 INFO: Including run-time hook 'C:\\Users\\chris\\projects\\photo-cleaner\\.venv\\Lib\\site-packages\\PyInstaller\\hooks\\rthooks\\pyi_rth_pkgutil.py'
215787 INFO: Processing pre-find module path hook _pyi_rth_utils from 
'C:\\Users\\chris\\projects\\photo-cleaner\\.venv\\Lib\\site-packages\\PyInstaller\\hooks\\pre_find_module_path\\hook-_pyi_rth_utils.py'.
215788 INFO: Loading module hook 'hook-_pyi_rth_utils.py' from 'C:\\Users\\chris\\projects\\photo-cleaner\\.venv\\Lib\\site-packages\\PyInstaller\\hooks'...
215789 INFO: Including run-time hook 'C:\\Users\\chris\\projects\\photo-cleaner\\.venv\\Lib\\site-packages\\PyInstaller\\hooks\\rthooks\\pyi_rth_multiprocessing.py'
215791 INFO: Including run-time hook 'C:\\Users\\chris\\projects\\photo-cleaner\\.venv\\Lib\\site-packages\\PyInstaller\\hooks\\rthooks\\pyi_rth_pkgres.py'
215794 INFO: Including run-time hook 'C:\\Users\\chris\\projects\\photo-cleaner\\.venv\\Lib\\site-packages\\PyInstaller\\hooks\\rthooks\\pyi_rth_setuptools.py'
215794 INFO: Including run-time hook 
'C:\\Users\\chris\\projects\\photo-cleaner\\.venv\\Lib\\site-packages\\_pyinstaller_hooks_contrib\\rthooks\\pyi_rth_cryptography_openssl.py'
215794 INFO: Including run-time hook 'C:\\Users\\chris\\projects\\photo-cleaner\\.venv\\Lib\\site-packages\\PyInstaller\\hooks\\rthooks\\pyi_rth_pyside6.py'
215794 INFO: Including run-time hook 'C:\\Users\\chris\\projects\\photo-cleaner\\.venv\\Lib\\site-packages\\_pyinstaller_hooks_contrib\\rthooks\\pyi_rth_tensorflow.py'
239485 INFO: Looking for dynamic libraries
2026-02-23 17:53:33.403594: I tensorflow/core/util/port.cc:113] oneDNN custom operations are on. You may see slightly different numerical results due to floating-point 
round-off errors from different computation orders. To turn them off, set the environment variable `TF_ENABLE_ONEDNN_OPTS=0`.
2026-02-23 17:53:34.001047: I tensorflow/core/util/port.cc:113] oneDNN custom operations are on. You may see slightly different numerical results due to floating-point 
round-off errors from different computation orders. To turn them off, set the environment variable `TF_ENABLE_ONEDNN_OPTS=0`.
C:\Users\chris\projects\photo-cleaner\.venv\Lib\site-packages\PyInstaller\building\build_main.py:199: UserWarning: The numpy.array_api submodule is still experimental. 
See NEP 47.
  __import__(package)
C:\Users\chris\projects\photo-cleaner\.venv\Lib\site-packages\PyInstaller\building\build_main.py:199: UserWarning: pkg_resources is deprecated as an API. See 
https://setuptools.pypa.io/en/latest/pkg_resources.html. The pkg_resources package is slated for removal as early as 2025-11-30. Refrain from using this package or pin 
to Setuptools<81.
  __import__(package)
244452 INFO: Extra DLL search directories (AddDllDirectory): ['C:\\Users\\chris\\projects\\photo-cleaner\\.venv\\Lib\\site-packages\\shiboken6', 
'C:\\Users\\chris\\projects\\photo-cleaner\\.venv\\Lib\\site-packages\\numpy.libs', 'C:\\Users\\chris\\projects\\photo-cleaner\\.venv\\Lib\\site-packages\\scipy.libs', 
'C:\\Users\\chris\\projects\\photo-cleaner\\.venv\\Lib\\site-packages\\pandas.libs', 
'C:\\Users\\chris\\projects\\photo-cleaner\\.venv\\Lib\\site-packages\\cv2\\../../x64/vc14/bin', 'C:\\Users\\chris\\projects\\photo-cleaner\\.venv\\Lib\\site-packages']
244452 INFO: Extra DLL search directories (PATH): ['C:\\Users\\chris\\projects\\photo-cleaner\\.venv\\Lib\\site-packages\\cv2\\../../x64/vc14/bin', 
'C:\\Users\\chris\\projects\\photo-cleaner\\.venv\\Lib\\site-packages\\PySide6']
506980 INFO: Warnings written to C:\Users\chris\projects\photo-cleaner\build\PhotoCleaner\warn-PhotoCleaner.txt
507404 INFO: Graph cross-reference written to C:\Users\chris\projects\photo-cleaner\build\PhotoCleaner\xref-PhotoCleaner.html
508051 INFO: checking PYZ
508051 INFO: Building PYZ because PYZ-00.toc is non existent
508051 INFO: Building PYZ (ZlibArchive) C:\Users\chris\projects\photo-cleaner\build\PhotoCleaner\PYZ-00.pyz
509794 INFO: Building PYZ (ZlibArchive) C:\Users\chris\projects\photo-cleaner\build\PhotoCleaner\PYZ-00.pyz completed successfully.
510347 INFO: checking PKG
510347 INFO: Building PKG because PKG-00.toc is non existent
510347 INFO: Building PKG (CArchive) PhotoCleaner.pkg
510383 INFO: Building PKG (CArchive) PhotoCleaner.pkg completed successfully.
510387 INFO: Bootloader C:\Users\chris\projects\photo-cleaner\.venv\Lib\site-packages\PyInstaller\bootloader\Windows-64bit-intel\runw.exe
510388 INFO: checking EXE
510388 INFO: Building EXE because EXE-00.toc is non existent
510388 INFO: Building EXE from EXE-00.toc
510388 INFO: Copying bootloader EXE to C:\Users\chris\projects\photo-cleaner\build\PhotoCleaner\PhotoCleaner.exe
510431 INFO: Copying icon to EXE
510446 INFO: Copying 0 resources to EXE
510447 INFO: Embedding manifest in EXE
510461 INFO: Appending PKG archive to EXE
510484 INFO: Fixing EXE headers
510734 INFO: Building EXE from EXE-00.toc completed successfully.
510772 INFO: checking COLLECT
510772 INFO: Building COLLECT because COLLECT-00.toc is non existent
510772 INFO: Building COLLECT COLLECT-00.toc
522318 INFO: Building COLLECT COLLECT-00.toc completed successfully.
[BUILD] Found 17 Haar Cascade XML files in C:\Users\chris\projects\photo-cleaner\.venv\Lib\site-packages\cv2\data

====================================
BUILD SUCCESS
====================================
Output: dist\PhotoCleaner\PhotoCleaner.exe
Size: 0 MB


Drücken Sie eine beliebige Taste . . . 
Batchvorgang abbrechen (J/N)? 
